[Info  - 12:03:20 PM] Starting ZLS      0.14.0 @ '/home/tratum/Software/zig/zig-0.14/zls'
[Info  - 12:03:20 PM] Log File:         /home/tratum/.cache/zls/zls.log (info)
[Info  - 12:03:20 PM] Client Info:      VSCodium-1.100.2
[Info  - 12:03:20 PM] Autofix Mode:     source.fixall
Offset Encoding:  utf-16
[Info  - 12:03:20 PM] added Workspace Folder: file:///home/tratum/Coding/code.zig/basics
[Info  - 12:03:20 PM] Set config option 'global_cache_path' to "/home/tratum/.cache/zls"
Took 0ms to process request-0-initialize on Thread 3899
Dynamically registering method 'workspace/didChangeConfiguration'
Took 0ms to process notification-initialized on Thread 3899
Opened document 'file:///home/tratum/Coding/code.zig/basics/structs-unions-enums.zig'
Took 1ms to process notification-textDocument/didOpen on Thread 3899
Took 0ms to process response-"register-workspace/didChangeConfiguration" on Thread 3899
Took 0ms to process request-1-textDocument/codeAction on Thread 3902
[Info  - 12:03:20 PM] Set config option 'semantic_tokens' to "partial"
[Info  - 12:03:21 PM] Set config option 'highlight_global_var_declarations' to true
[Info  - 12:03:21 PM] Set config option 'builtin_path' to "/home/tratum/.cache/zls/builtin.zig"
[Info  - 12:03:21 PM] Set config option 'zig_lib_path' to "/home/tratum/Software/zig/zig-0.14/lib"
[Info  - 12:03:21 PM] Set config option 'zig_exe_path' to "/home/tratum/Software/zig/zig-0.14/zig"
[Info  - 12:03:21 PM] Set config option 'build_runner_path' to "/home/tratum/.cache/zls/build_runner/66ed948cb34b142db738951608c6140d/build_runner.zig"
[Info  - 12:03:21 PM] trying to start Build-On-Save for 'file:///home/tratum/Coding/code.zig/basics'
Took 25ms to process response-"i_haz_configuration" on Thread 3899
Took 0ms to process request-3-textDocument/foldingRange on Thread 3903
Opened document 'file:///home/tratum/Software/zig/zig-0.14/lib/std/std.zig'
Opened document 'file:///home/tratum/Software/zig/zig-0.14/lib/std/debug.zig'
Took 3ms to process request-2-textDocument/inlayHint on Thread 3901
zig build runner process has exited
Took 0ms to process notification-other on Thread 3899
Took 0ms to process notification-workspace/didChangeConfiguration on Thread 3899
Took 11ms to process response-"i_haz_configuration" on Thread 3899
Took 0ms to process request-4-textDocument/inlayHint on Thread 3903
Took 0ms to process request-5-textDocument/documentSymbol on Thread 3901
Took 0ms to process request-6-textDocument/semanticTokens/range on Thread 3900
Took 0ms to process request-7-textDocument/semanticTokens/range on Thread 3902
Took 0ms to process request-8-textDocument/inlayHint on Thread 3903
Took 0ms to process request-9-textDocument/inlayHint on Thread 3901
Took 0ms to process request-10-textDocument/semanticTokens/range on Thread 3900
Took 0ms to process request-11-textDocument/inlayHint on Thread 3902
Took 0ms to process request-12-textDocument/semanticTokens/range on Thread 3903
Took 0ms to process notification-textDocument/didChange on Thread 3899
Took 0ms to process request-13-textDocument/completion on Thread 3900
Took 0ms to process notification-textDocument/didChange on Thread 3899
Took 0ms to process request-14-textDocument/completion on Thread 3903
Took 0ms to process request-17-textDocument/foldingRange on Thread 3903
Took 0ms to process request-16-textDocument/semanticTokens/range on Thread 3900
Took 0ms to process request-15-textDocument/inlayHint on Thread 3901
Took 0ms to process request-19-textDocument/documentSymbol on Thread 3903
Took 12ms to process request-18-textDocument/codeAction on Thread 3902
Took 0ms to process request-20-textDocument/inlayHint on Thread 3900
Took 0ms to process notification-textDocument/didChange on Thread 3899
Took 0ms to process request-21-textDocument/inlayHint on Thread 3903
Took 0ms to process request-22-textDocument/semanticTokens/range on Thread 3902
Took 0ms to process request-23-textDocument/foldingRange on Thread 3900
Took 0ms to process notification-textDocument/didChange on Thread 3899
Took 0ms to process request-24-textDocument/inlayHint on Thread 3903
Took 0ms to process request-25-textDocument/semanticTokens/range on Thread 3902
Took 0ms to process request-26-textDocument/foldingRange on Thread 3900
Took 13ms to process request-27-textDocument/codeAction on Thread 3901
Took 0ms to process request-28-textDocument/documentSymbol on Thread 3903
Took 0ms to process notification-textDocument/didChange on Thread 3899
Took 0ms to process request-29-textDocument/inlayHint on Thread 3900
Took 0ms to process notification-textDocument/didChange on Thread 3899
Took 0ms to process request-30-textDocument/inlayHint on Thread 3903
Took 0ms to process notification-textDocument/didChange on Thread 3899
Took 0ms to process request-31-textDocument/inlayHint on Thread 3900
Took 0ms to process notification-textDocument/didChange on Thread 3899
Took 0ms to process request-32-textDocument/inlayHint on Thread 3903
Took 0ms to process notification-textDocument/didChange on Thread 3899
Took 0ms to process request-33-textDocument/inlayHint on Thread 3900
Took 0ms to process notification-textDocument/didChange on Thread 3899
Took 0ms to process request-34-textDocument/inlayHint on Thread 3903
Took 0ms to process notification-textDocument/didChange on Thread 3899
Took 0ms to process request-35-textDocument/inlayHint on Thread 3900
Took 0ms to process notification-textDocument/didChange on Thread 3899
Took 0ms to process request-36-textDocument/inlayHint on Thread 3903
Took 0ms to process notification-textDocument/didChange on Thread 3899
Took 0ms to process request-37-textDocument/inlayHint on Thread 3900
Took 0ms to process notification-textDocument/didChange on Thread 3899
Took 0ms to process request-38-textDocument/inlayHint on Thread 3903
Took 0ms to process notification-textDocument/didChange on Thread 3899
Took 0ms to process request-39-textDocument/inlayHint on Thread 3900
Took 0ms to process notification-textDocument/didChange on Thread 3899
Took 0ms to process request-40-textDocument/inlayHint on Thread 3903
Took 0ms to process notification-textDocument/didChange on Thread 3899
Took 0ms to process request-41-textDocument/inlayHint on Thread 3900
Took 0ms to process notification-textDocument/didChange on Thread 3899
Took 0ms to process request-42-textDocument/inlayHint on Thread 3903
Took 0ms to process notification-textDocument/didChange on Thread 3899
Took 0ms to process request-43-textDocument/inlayHint on Thread 3900
Took 0ms to process notification-textDocument/didChange on Thread 3899
Took 0ms to process request-44-textDocument/inlayHint on Thread 3903
Took 0ms to process notification-textDocument/didChange on Thread 3899
Took 0ms to process request-45-textDocument/inlayHint on Thread 3900
Took 0ms to process notification-textDocument/didChange on Thread 3899
Took 0ms to process request-46-textDocument/inlayHint on Thread 3903
Took 0ms to process notification-textDocument/didChange on Thread 3899
Took 0ms to process request-47-textDocument/inlayHint on Thread 3900
Took 0ms to process notification-textDocument/didChange on Thread 3899
Took 0ms to process request-48-textDocument/inlayHint on Thread 3903
Took 0ms to process notification-textDocument/didChange on Thread 3899
Took 0ms to process request-49-textDocument/inlayHint on Thread 3900
Took 0ms to process notification-textDocument/didChange on Thread 3899
Took 0ms to process request-50-textDocument/inlayHint on Thread 3903
Took 0ms to process notification-textDocument/didChange on Thread 3899
Took 0ms to process request-51-textDocument/inlayHint on Thread 3900
Took 0ms to process notification-textDocument/didChange on Thread 3899
Took 0ms to process request-52-textDocument/inlayHint on Thread 3903
Took 0ms to process notification-textDocument/didChange on Thread 3899
Took 0ms to process request-53-textDocument/inlayHint on Thread 3900
Took 0ms to process notification-textDocument/didChange on Thread 3899
Took 1ms to process request-54-textDocument/inlayHint on Thread 3903
Took 0ms to process notification-textDocument/didChange on Thread 3899
Took 0ms to process request-55-textDocument/inlayHint on Thread 3900
Took 0ms to process notification-textDocument/didChange on Thread 3899
Took 0ms to process request-56-textDocument/inlayHint on Thread 3903
Took 0ms to process notification-textDocument/didChange on Thread 3899
Took 0ms to process request-57-textDocument/inlayHint on Thread 3900
Took 0ms to process notification-textDocument/didChange on Thread 3899
Took 0ms to process request-58-textDocument/inlayHint on Thread 3903
Took 0ms to process notification-textDocument/didChange on Thread 3899
Took 0ms to process request-59-textDocument/inlayHint on Thread 3900
Took 0ms to process notification-textDocument/didChange on Thread 3899
Took 0ms to process request-60-textDocument/inlayHint on Thread 3903
Took 0ms to process notification-textDocument/didChange on Thread 3899
Took 0ms to process request-61-textDocument/inlayHint on Thread 3900
Took 0ms to process notification-textDocument/didChange on Thread 3899
Took 0ms to process request-62-textDocument/inlayHint on Thread 3903
Took 0ms to process notification-textDocument/didChange on Thread 3899
Took 0ms to process request-63-textDocument/inlayHint on Thread 3900
Took 0ms to process notification-textDocument/didChange on Thread 3899
Took 0ms to process request-64-textDocument/inlayHint on Thread 3903
Took 0ms to process notification-textDocument/didChange on Thread 3899
Took 0ms to process request-65-textDocument/inlayHint on Thread 3900
Took 0ms to process notification-textDocument/didChange on Thread 3899
Took 0ms to process request-66-textDocument/inlayHint on Thread 3903
Took 0ms to process notification-textDocument/didChange on Thread 3899
Took 0ms to process request-67-textDocument/inlayHint on Thread 3900
Took 0ms to process notification-textDocument/didChange on Thread 3899
Took 0ms to process request-68-textDocument/inlayHint on Thread 3903
Took 0ms to process notification-textDocument/didChange on Thread 3899
Took 0ms to process notification-textDocument/didChange on Thread 3899
Took 0ms to process notification-textDocument/didChange on Thread 3899
Took 0ms to process request-69-textDocument/inlayHint on Thread 3903
Took 0ms to process notification-textDocument/didChange on Thread 3899
Took 1ms to process request-70-textDocument/inlayHint on Thread 3900
Took 0ms to process notification-textDocument/didChange on Thread 3899
Took 0ms to process request-71-textDocument/inlayHint on Thread 3903
Took 0ms to process notification-textDocument/didChange on Thread 3899
Took 0ms to process request-72-textDocument/inlayHint on Thread 3900
Took 0ms to process notification-textDocument/didChange on Thread 3899
Took 0ms to process request-73-textDocument/inlayHint on Thread 3903
Took 0ms to process notification-textDocument/didChange on Thread 3899
Took 0ms to process request-74-textDocument/inlayHint on Thread 3900
Took 0ms to process notification-textDocument/didChange on Thread 3899
Took 0ms to process request-75-textDocument/inlayHint on Thread 3903
Took 0ms to process notification-textDocument/didChange on Thread 3899
Took 0ms to process request-76-textDocument/inlayHint on Thread 3900
Took 0ms to process notification-textDocument/didChange on Thread 3899
Took 0ms to process request-77-textDocument/inlayHint on Thread 3903
Took 0ms to process notification-textDocument/didChange on Thread 3899
Took 0ms to process request-78-textDocument/inlayHint on Thread 3900
Took 0ms to process notification-textDocument/didChange on Thread 3899
Took 0ms to process request-79-textDocument/inlayHint on Thread 3903
Took 0ms to process notification-textDocument/didChange on Thread 3899
Took 0ms to process request-80-textDocument/inlayHint on Thread 3900
Took 0ms to process notification-textDocument/didChange on Thread 3899
Took 0ms to process request-81-textDocument/inlayHint on Thread 3903
Took 0ms to process notification-textDocument/didChange on Thread 3899
Took 0ms to process request-82-textDocument/inlayHint on Thread 3900
Took 0ms to process notification-textDocument/didChange on Thread 3899
Took 0ms to process request-83-textDocument/inlayHint on Thread 3903
Took 0ms to process notification-textDocument/didChange on Thread 3899
Took 0ms to process request-84-textDocument/inlayHint on Thread 3900
Took 0ms to process notification-textDocument/didChange on Thread 3899
Took 0ms to process request-85-textDocument/inlayHint on Thread 3903
Took 0ms to process notification-textDocument/didChange on Thread 3899
Took 0ms to process request-86-textDocument/inlayHint on Thread 3900
Took 0ms to process notification-textDocument/didChange on Thread 3899
Took 0ms to process request-87-textDocument/inlayHint on Thread 3903
Took 0ms to process notification-textDocument/didChange on Thread 3899
Took 0ms to process request-88-textDocument/inlayHint on Thread 3900
Took 0ms to process notification-textDocument/didChange on Thread 3899
Took 0ms to process request-89-textDocument/inlayHint on Thread 3903
Took 0ms to process notification-textDocument/didChange on Thread 3899
Took 0ms to process request-90-textDocument/inlayHint on Thread 3900
Took 0ms to process notification-textDocument/didChange on Thread 3899
Took 0ms to process request-91-textDocument/inlayHint on Thread 3903
Took 0ms to process notification-textDocument/didChange on Thread 3899
Took 0ms to process request-92-textDocument/inlayHint on Thread 3900
Took 0ms to process notification-textDocument/didChange on Thread 3899
Took 0ms to process request-93-textDocument/inlayHint on Thread 3903
Took 0ms to process notification-textDocument/didChange on Thread 3899
Took 0ms to process request-94-textDocument/inlayHint on Thread 3900
Took 0ms to process notification-textDocument/didChange on Thread 3899
Took 0ms to process request-95-textDocument/inlayHint on Thread 3903
Took 0ms to process notification-textDocument/didChange on Thread 3899
Took 0ms to process request-96-textDocument/inlayHint on Thread 3900
Took 0ms to process notification-textDocument/didChange on Thread 3899
Took 0ms to process request-97-textDocument/inlayHint on Thread 3903
Took 0ms to process notification-textDocument/didChange on Thread 3899
Took 0ms to process request-98-textDocument/inlayHint on Thread 3900
Took 0ms to process notification-textDocument/didChange on Thread 3899
Took 0ms to process request-99-textDocument/inlayHint on Thread 3903
Took 0ms to process notification-textDocument/didChange on Thread 3899
Took 0ms to process request-100-textDocument/inlayHint on Thread 3900
Took 0ms to process notification-textDocument/didChange on Thread 3899
Took 0ms to process request-101-textDocument/inlayHint on Thread 3903
Took 0ms to process notification-textDocument/didChange on Thread 3899
Took 0ms to process request-102-textDocument/inlayHint on Thread 3900
Took 0ms to process notification-textDocument/didChange on Thread 3899
Took 0ms to process request-103-textDocument/inlayHint on Thread 3903
Took 0ms to process notification-textDocument/didChange on Thread 3899
Took 0ms to process request-104-textDocument/inlayHint on Thread 3900
Took 0ms to process notification-textDocument/didChange on Thread 3899
Took 0ms to process request-105-textDocument/inlayHint on Thread 3903
Took 0ms to process notification-textDocument/didChange on Thread 3899
Took 0ms to process request-106-textDocument/inlayHint on Thread 3900
Took 0ms to process notification-textDocument/didChange on Thread 3899
Took 0ms to process request-107-textDocument/inlayHint on Thread 3903
Took 0ms to process notification-textDocument/didChange on Thread 3899
Took 0ms to process request-108-textDocument/inlayHint on Thread 3900
Took 0ms to process notification-textDocument/didChange on Thread 3899
Took 0ms to process request-109-textDocument/inlayHint on Thread 3903
Took 0ms to process notification-textDocument/didChange on Thread 3899
Took 0ms to process request-110-textDocument/inlayHint on Thread 3900
Took 0ms to process notification-textDocument/didChange on Thread 3899
Took 0ms to process request-111-textDocument/inlayHint on Thread 3903
Took 0ms to process request-112-textDocument/semanticTokens/range on Thread 3902
Took 0ms to process request-113-textDocument/foldingRange on Thread 3900
Took 8ms to process request-114-textDocument/codeAction on Thread 3901
Took 0ms to process notification-textDocument/didChange on Thread 3899
Took 0ms to process request-115-textDocument/inlayHint on Thread 3902
Took 0ms to process request-116-textDocument/semanticTokens/range on Thread 3900
Took 0ms to process request-117-textDocument/foldingRange on Thread 3901
Took 16ms to process request-118-textDocument/codeAction on Thread 3903
Took 0ms to process request-119-textDocument/documentSymbol on Thread 3902
Took 0ms to process notification-textDocument/didChange on Thread 3899
Took 0ms to process request-120-textDocument/inlayHint on Thread 3901
Took 0ms to process request-121-textDocument/semanticTokens/range on Thread 3903
Took 0ms to process request-122-textDocument/foldingRange on Thread 3902
Took 0ms to process notification-textDocument/didChange on Thread 3899
Took 0ms to process request-123-textDocument/inlayHint on Thread 3901
Took 0ms to process request-124-textDocument/semanticTokens/range on Thread 3903
Took 0ms to process request-125-textDocument/foldingRange on Thread 3902
Took 16ms to process request-126-textDocument/codeAction on Thread 3900
Took 0ms to process request-127-textDocument/documentSymbol on Thread 3901
Took 0ms to process request-128-textDocument/inlayHint on Thread 3903
Took 0ms to process request-129-textDocument/willSaveWaitUntil on Thread 3902
Took 0ms to process notification-textDocument/didSave on Thread 3899
Took 0ms to process notification-textDocument/didChange on Thread 3899
Took 0ms to process request-130-textDocument/inlayHint on Thread 3901
Took 0ms to process request-131-textDocument/semanticTokens/range on Thread 3903
Took 0ms to process request-132-textDocument/foldingRange on Thread 3902
Took 0ms to process request-133-textDocument/documentSymbol on Thread 3900
Took 0ms to process request-134-textDocument/inlayHint on Thread 3901
Took 0ms to process request-135-textDocument/willSaveWaitUntil on Thread 3903
Took 0ms to process notification-textDocument/didSave on Thread 3899
Took 16ms to process request-136-textDocument/codeAction on Thread 3902
Took 16ms to process request-137-textDocument/codeAction on Thread 3900
Took 0ms to process notification-textDocument/didChange on Thread 3899
Took 0ms to process request-138-textDocument/inlayHint on Thread 3903
Took 0ms to process request-139-textDocument/semanticTokens/range on Thread 3902
Took 0ms to process request-140-textDocument/foldingRange on Thread 3900
Took 0ms to process request-141-textDocument/documentSymbol on Thread 3901
Took 0ms to process request-142-textDocument/inlayHint on Thread 3903
Took 0ms to process request-143-textDocument/willSaveWaitUntil on Thread 3902
Took 0ms to process notification-textDocument/didSave on Thread 3899
Took 14ms to process request-144-textDocument/codeAction on Thread 3900
Took 17ms to process request-145-textDocument/codeAction on Thread 3901
Took 0ms to process request-146-textDocument/hover on Thread 3903
Took 0ms to process request-147-textDocument/inlayHint on Thread 3902
Took 0ms to process request-148-textDocument/semanticTokens/range on Thread 3900
Took 0ms to process request-149-textDocument/inlayHint on Thread 3901
Took 0ms to process request-150-textDocument/semanticTokens/range on Thread 3903
Took 0ms to process notification-textDocument/didChange on Thread 3899
Took 0ms to process request-151-textDocument/inlayHint on Thread 3900
Took 0ms to process request-152-textDocument/semanticTokens/range on Thread 3901
Took 0ms to process request-153-textDocument/foldingRange on Thread 3903
Took 0ms to process request-154-textDocument/documentSymbol on Thread 3902
Took 0ms to process request-155-textDocument/inlayHint on Thread 3900
Took 0ms to process notification-textDocument/didChange on Thread 3899
Took 0ms to process request-156-textDocument/inlayHint on Thread 3903
Took 0ms to process request-157-textDocument/semanticTokens/range on Thread 3902
Took 0ms to process request-158-textDocument/foldingRange on Thread 3900
Took 0ms to process request-159-textDocument/documentSymbol on Thread 3901
Took 0ms to process request-160-textDocument/inlayHint on Thread 3903
Took 0ms to process notification-textDocument/didChange on Thread 3899
Took 1ms to process request-161-textDocument/inlayHint on Thread 3900
Took 0ms to process request-162-textDocument/semanticTokens/range on Thread 3901
Took 0ms to process request-163-textDocument/foldingRange on Thread 3903
Took 0ms to process request-164-textDocument/documentSymbol on Thread 3902
Took 0ms to process request-165-textDocument/inlayHint on Thread 3900
Took 0ms to process request-166-textDocument/willSaveWaitUntil on Thread 3901
Took 0ms to process notification-textDocument/didSave on Thread 3899
Took 0ms to process notification-textDocument/didChange on Thread 3899
Took 0ms to process request-167-textDocument/inlayHint on Thread 3902
Took 0ms to process request-168-textDocument/semanticTokens/range on Thread 3900
Took 0ms to process request-169-textDocument/foldingRange on Thread 3901
Took 0ms to process request-170-textDocument/documentSymbol on Thread 3903
Took 0ms to process request-171-textDocument/inlayHint on Thread 3902
Took 0ms to process request-172-textDocument/willSaveWaitUntil on Thread 3900
Took 0ms to process notification-textDocument/didSave on Thread 3899
Took 16ms to process request-173-textDocument/codeAction on Thread 3901
Took 0ms to process notification-textDocument/didChange on Thread 3899
Took 0ms to process request-174-textDocument/inlayHint on Thread 3902
Took 0ms to process request-175-textDocument/semanticTokens/range on Thread 3900
Took 0ms to process request-176-textDocument/foldingRange on Thread 3901
Took 0ms to process request-177-textDocument/documentSymbol on Thread 3903
Took 0ms to process notification-textDocument/didChange on Thread 3899
Took 0ms to process request-178-textDocument/inlayHint on Thread 3900
Took 0ms to process request-179-textDocument/semanticTokens/range on Thread 3901
Took 0ms to process request-180-textDocument/foldingRange on Thread 3903
Took 0ms to process request-181-textDocument/documentSymbol on Thread 3902
Took 0ms to process request-182-textDocument/inlayHint on Thread 3900
Took 0ms to process request-183-textDocument/willSaveWaitUntil on Thread 3901
Took 0ms to process notification-textDocument/didSave on Thread 3899
Took 0ms to process notification-textDocument/didChange on Thread 3899
Took 0ms to process request-184-textDocument/completion on Thread 3902
Took 0ms to process request-185-textDocument/inlayHint on Thread 3900
Took 0ms to process request-186-textDocument/semanticTokens/range on Thread 3901
Took 0ms to process notification-textDocument/didChange on Thread 3899
Took 0ms to process request-187-textDocument/completion on Thread 3902
Took 0ms to process request-188-textDocument/inlayHint on Thread 3900
Took 0ms to process request-189-textDocument/semanticTokens/range on Thread 3901
Took 0ms to process request-190-textDocument/foldingRange on Thread 3902
Took 16ms to process request-191-textDocument/codeAction on Thread 3903
Took 0ms to process request-192-textDocument/documentSymbol on Thread 3900
Took 0ms to process notification-textDocument/didChange on Thread 3899
Took 0ms to process request-193-textDocument/inlayHint on Thread 3902
Took 0ms to process request-194-textDocument/semanticTokens/range on Thread 3903
Took 0ms to process request-195-textDocument/foldingRange on Thread 3900
Took 0ms to process request-196-textDocument/documentSymbol on Thread 3901
Took 0ms to process notification-textDocument/didChange on Thread 3899
Took 0ms to process request-197-textDocument/inlayHint on Thread 3903
Took 0ms to process request-198-textDocument/semanticTokens/range on Thread 3900
Took 0ms to process request-199-textDocument/foldingRange on Thread 3901
Took 16ms to process request-200-textDocument/codeAction on Thread 3902
Took 0ms to process request-201-textDocument/documentSymbol on Thread 3903
Took 0ms to process notification-textDocument/didChange on Thread 3899
Took 0ms to process request-202-textDocument/inlayHint on Thread 3901
Took 0ms to process request-203-textDocument/semanticTokens/range on Thread 3902
Took 0ms to process request-204-textDocument/foldingRange on Thread 3903
Took 0ms to process notification-textDocument/didChange on Thread 3899
Took 0ms to process request-205-textDocument/inlayHint on Thread 3901
Took 0ms to process request-206-textDocument/semanticTokens/range on Thread 3902
Took 0ms to process request-207-textDocument/foldingRange on Thread 3903
Took 10ms to process request-208-textDocument/codeAction on Thread 3900
Took 0ms to process request-209-textDocument/documentSymbol on Thread 3901
Took 0ms to process notification-textDocument/didChange on Thread 3899
Took 0ms to process request-210-textDocument/inlayHint on Thread 3903
Took 0ms to process request-211-textDocument/semanticTokens/range on Thread 3900
Took 0ms to process request-212-textDocument/foldingRange on Thread 3901
Took 0ms to process notification-textDocument/didChange on Thread 3899
Took 0ms to process request-213-textDocument/inlayHint on Thread 3903
Took 0ms to process request-214-textDocument/semanticTokens/range on Thread 3900
Took 0ms to process request-215-textDocument/foldingRange on Thread 3901
Took 16ms to process request-216-textDocument/codeAction on Thread 3902
Took 0ms to process request-217-textDocument/documentSymbol on Thread 3903
Took 0ms to process notification-textDocument/didChange on Thread 3899
Took 0ms to process request-218-textDocument/inlayHint on Thread 3901
Took 0ms to process request-219-textDocument/semanticTokens/range on Thread 3902
Took 0ms to process notification-textDocument/didChange on Thread 3899
Took 0ms to process request-220-textDocument/inlayHint on Thread 3900
Took 0ms to process request-221-textDocument/semanticTokens/range on Thread 3901
Took 0ms to process request-222-textDocument/foldingRange on Thread 3902
Took 16ms to process request-223-textDocument/codeAction on Thread 3903
Took 0ms to process request-224-textDocument/documentSymbol on Thread 3900
Took 0ms to process request-225-textDocument/inlayHint on Thread 3901
Took 0ms to process request-226-textDocument/willSaveWaitUntil on Thread 3902
Took 0ms to process notification-textDocument/didChange on Thread 3899
Took 0ms to process notification-textDocument/didSave on Thread 3899
Took 0ms to process request-227-textDocument/inlayHint on Thread 3900
Took 0ms to process request-228-textDocument/semanticTokens/range on Thread 3901
Took 0ms to process notification-textDocument/didChange on Thread 3899
Took 0ms to process request-229-textDocument/inlayHint on Thread 3903
Took 0ms to process notification-textDocument/didChange on Thread 3899
Took 0ms to process request-230-textDocument/inlayHint on Thread 3901
Took 1ms to process request-231-textDocument/semanticTokens/range on Thread 3902
Took 0ms to process request-232-textDocument/foldingRange on Thread 3903
Took 16ms to process request-233-textDocument/codeAction on Thread 3900
Took 0ms to process request-234-textDocument/documentSymbol on Thread 3901
Took 0ms to process request-235-textDocument/inlayHint on Thread 3902
Took 0ms to process notification-textDocument/didChange on Thread 3899
Took 0ms to process request-236-textDocument/inlayHint on Thread 3900
Took 0ms to process request-237-textDocument/semanticTokens/range on Thread 3901
Took 0ms to process request-238-textDocument/foldingRange on Thread 3902
Took 7ms to process request-239-textDocument/codeAction on Thread 3903
Took 0ms to process notification-textDocument/didChange on Thread 3899
Took 0ms to process request-240-textDocument/inlayHint on Thread 3901
Took 0ms to process request-241-textDocument/semanticTokens/range on Thread 3902
Took 0ms to process notification-textDocument/didChange on Thread 3899
Took 0ms to process request-242-textDocument/inlayHint on Thread 3900
Took 0ms to process request-243-textDocument/semanticTokens/range on Thread 3901
Took 0ms to process request-244-textDocument/foldingRange on Thread 3902
Took 16ms to process request-245-textDocument/codeAction on Thread 3903
Took 0ms to process request-246-textDocument/documentSymbol on Thread 3900
Took 0ms to process request-247-textDocument/inlayHint on Thread 3901
Took 0ms to process request-248-textDocument/willSaveWaitUntil on Thread 3902
Took 0ms to process notification-textDocument/didSave on Thread 3899
Took 0ms to process request-249-textDocument/documentHighlight on Thread 3903
Took 0ms to process request-250-textDocument/documentHighlight on Thread 3900
Took 0ms to process request-251-textDocument/documentHighlight on Thread 3901
Took 0ms to process request-252-textDocument/documentHighlight on Thread 3902
Took 0ms to process request-253-textDocument/documentHighlight on Thread 3903
Took 0ms to process request-254-textDocument/documentHighlight on Thread 3900
Took 0ms to process request-255-textDocument/hover on Thread 3901
