2025-05-29 12:03:18.663 [info] Started local extension host with pid 3801.
2025-05-29 12:03:18.710 [info] ComputeTargetPlatform: linux-x64
2025-05-29 12:03:19.706 [error] [idleberg.icon-fonts]: Unknown language in `contributes.icon-fonts.language`. Provided value: blade
2025-05-29 12:03:19.707 [error] [idleberg.icon-fonts]: Unknown language in `contributes.icon-fonts.language`. Provided value: blade
2025-05-29 12:03:19.707 [error] [idleberg.icon-fonts]: Unknown language in `contributes.icon-fonts.language`. Provided value: blade
2025-05-29 12:03:19.708 [error] [idleberg.icon-fonts]: Unknown language in `contributes.icon-fonts.language`. Provided value: blade
2025-05-29 12:03:19.708 [error] [idleberg.icon-fonts]: Unknown language in `contributes.icon-fonts.language`. Provided value: blade
2025-05-29 12:03:19.709 [error] [idleberg.icon-fonts]: Unknown language in `contributes.icon-fonts.language`. Provided value: blade
2025-05-29 12:03:19.709 [error] [idleberg.icon-fonts]: Unknown language in `contributes.icon-fonts.language`. Provided value: blade
2025-05-29 12:03:19.709 [error] [idleberg.icon-fonts]: Unknown language in `contributes.icon-fonts.language`. Provided value: blade
2025-05-29 12:03:19.710 [error] [idleberg.icon-fonts]: Unknown language in `contributes.icon-fonts.language`. Provided value: blade
2025-05-29 12:03:19.710 [error] [idleberg.icon-fonts]: Unknown language in `contributes.icon-fonts.language`. Provided value: blade
2025-05-29 12:03:19.711 [error] [idleberg.icon-fonts]: Unknown language in `contributes.icon-fonts.language`. Provided value: blade
2025-05-29 12:03:19.711 [error] [idleberg.icon-fonts]: Unknown language in `contributes.icon-fonts.language`. Provided value: blade
2025-05-29 12:03:19.711 [error] [idleberg.icon-fonts]: Unknown language in `contributes.icon-fonts.language`. Provided value: blade
2025-05-29 12:03:19.712 [error] [idleberg.icon-fonts]: Unknown language in `contributes.icon-fonts.language`. Provided value: blade
2025-05-29 12:03:19.712 [error] [idleberg.icon-fonts]: Unknown language in `contributes.icon-fonts.language`. Provided value: blade
2025-05-29 12:03:19.713 [error] [idleberg.icon-fonts]: Unknown language in `contributes.icon-fonts.language`. Provided value: blade
2025-05-29 12:03:19.713 [error] [idleberg.icon-fonts]: Unknown language in `contributes.icon-fonts.language`. Provided value: blade
2025-05-29 12:03:19.714 [error] [idleberg.icon-fonts]: Unknown language in `contributes.icon-fonts.language`. Provided value: blade
2025-05-29 12:03:19.714 [error] [idleberg.icon-fonts]: Unknown language in `contributes.icon-fonts.language`. Provided value: blade
2025-05-29 12:03:19.715 [error] [idleberg.icon-fonts]: Unknown language in `contributes.icon-fonts.language`. Provided value: blade
2025-05-29 12:03:19.715 [error] [idleberg.icon-fonts]: Unknown language in `contributes.icon-fonts.language`. Provided value: blade
2025-05-29 12:03:19.716 [error] [idleberg.icon-fonts]: Unknown language in `contributes.icon-fonts.language`. Provided value: blade
2025-05-29 12:03:19.717 [error] [idleberg.icon-fonts]: Unknown language in `contributes.icon-fonts.language`. Provided value: blade
2025-05-29 12:03:19.717 [error] [idleberg.icon-fonts]: Unknown language in `contributes.icon-fonts.language`. Provided value: blade
2025-05-29 12:03:19.718 [error] [idleberg.icon-fonts]: Unknown language in `contributes.icon-fonts.language`. Provided value: blade
2025-05-29 12:03:19.718 [error] [idleberg.icon-fonts]: Unknown language in `contributes.icon-fonts.language`. Provided value: blade
2025-05-29 12:03:19.719 [error] [idleberg.icon-fonts]: Unknown language in `contributes.icon-fonts.language`. Provided value: blade
2025-05-29 12:03:19.719 [error] [idleberg.icon-fonts]: Unknown language in `contributes.icon-fonts.language`. Provided value: vue-html
2025-05-29 12:03:19.720 [error] [idleberg.icon-fonts]: Unknown language in `contributes.icon-fonts.language`. Provided value: vue-html
2025-05-29 12:03:19.720 [error] [idleberg.icon-fonts]: Unknown language in `contributes.icon-fonts.language`. Provided value: vue-html
2025-05-29 12:03:19.721 [error] [idleberg.icon-fonts]: Unknown language in `contributes.icon-fonts.language`. Provided value: vue-html
2025-05-29 12:03:19.721 [error] [idleberg.icon-fonts]: Unknown language in `contributes.icon-fonts.language`. Provided value: vue-html
2025-05-29 12:03:19.722 [error] [idleberg.icon-fonts]: Unknown language in `contributes.icon-fonts.language`. Provided value: vue-html
2025-05-29 12:03:19.723 [error] [idleberg.icon-fonts]: Unknown language in `contributes.icon-fonts.language`. Provided value: vue-html
2025-05-29 12:03:19.723 [error] [idleberg.icon-fonts]: Unknown language in `contributes.icon-fonts.language`. Provided value: vue-html
2025-05-29 12:03:19.723 [error] [idleberg.icon-fonts]: Unknown language in `contributes.icon-fonts.language`. Provided value: vue-html
2025-05-29 12:03:19.724 [error] [idleberg.icon-fonts]: Unknown language in `contributes.icon-fonts.language`. Provided value: vue-html
2025-05-29 12:03:19.724 [error] [idleberg.icon-fonts]: Unknown language in `contributes.icon-fonts.language`. Provided value: vue-html
2025-05-29 12:03:19.725 [error] [idleberg.icon-fonts]: Unknown language in `contributes.icon-fonts.language`. Provided value: vue-html
2025-05-29 12:03:19.725 [error] [idleberg.icon-fonts]: Unknown language in `contributes.icon-fonts.language`. Provided value: vue-html
2025-05-29 12:03:19.726 [error] [idleberg.icon-fonts]: Unknown language in `contributes.icon-fonts.language`. Provided value: vue-html
2025-05-29 12:03:19.726 [error] [idleberg.icon-fonts]: Unknown language in `contributes.icon-fonts.language`. Provided value: vue-html
2025-05-29 12:03:19.727 [error] [idleberg.icon-fonts]: Unknown language in `contributes.icon-fonts.language`. Provided value: vue-html
2025-05-29 12:03:19.727 [error] [idleberg.icon-fonts]: Unknown language in `contributes.icon-fonts.language`. Provided value: vue-html
2025-05-29 12:03:19.728 [error] [idleberg.icon-fonts]: Unknown language in `contributes.icon-fonts.language`. Provided value: vue-html
2025-05-29 12:03:19.728 [error] [idleberg.icon-fonts]: Unknown language in `contributes.icon-fonts.language`. Provided value: vue-html
2025-05-29 12:03:19.729 [error] [idleberg.icon-fonts]: Unknown language in `contributes.icon-fonts.language`. Provided value: vue-html
2025-05-29 12:03:19.729 [error] [idleberg.icon-fonts]: Unknown language in `contributes.icon-fonts.language`. Provided value: vue-html
2025-05-29 12:03:19.730 [error] [idleberg.icon-fonts]: Unknown language in `contributes.icon-fonts.language`. Provided value: vue-html
2025-05-29 12:03:19.731 [error] [idleberg.icon-fonts]: Unknown language in `contributes.icon-fonts.language`. Provided value: vue-html
2025-05-29 12:03:19.731 [error] [idleberg.icon-fonts]: Unknown language in `contributes.icon-fonts.language`. Provided value: vue-html
2025-05-29 12:03:19.732 [error] [idleberg.icon-fonts]: Unknown language in `contributes.icon-fonts.language`. Provided value: vue-html
2025-05-29 12:03:19.732 [error] [idleberg.icon-fonts]: Unknown language in `contributes.icon-fonts.language`. Provided value: vue-html
2025-05-29 12:03:19.733 [error] [idleberg.icon-fonts]: Unknown language in `contributes.icon-fonts.language`. Provided value: vue-html
2025-05-29 12:03:19.733 [error] [idleberg.icon-fonts]: Unknown language in `contributes.icon-fonts.language`. Provided value: svelte
2025-05-29 12:03:19.734 [error] [idleberg.icon-fonts]: Unknown language in `contributes.icon-fonts.language`. Provided value: svelte
2025-05-29 12:03:19.734 [error] [idleberg.icon-fonts]: Unknown language in `contributes.icon-fonts.language`. Provided value: svelte
2025-05-29 12:03:19.735 [error] [idleberg.icon-fonts]: Unknown language in `contributes.icon-fonts.language`. Provided value: svelte
2025-05-29 12:03:19.735 [error] [idleberg.icon-fonts]: Unknown language in `contributes.icon-fonts.language`. Provided value: svelte
2025-05-29 12:03:19.735 [error] [idleberg.icon-fonts]: Unknown language in `contributes.icon-fonts.language`. Provided value: svelte
2025-05-29 12:03:19.736 [error] [idleberg.icon-fonts]: Unknown language in `contributes.icon-fonts.language`. Provided value: svelte
2025-05-29 12:03:19.736 [error] [idleberg.icon-fonts]: Unknown language in `contributes.icon-fonts.language`. Provided value: svelte
2025-05-29 12:03:19.736 [error] [idleberg.icon-fonts]: Unknown language in `contributes.icon-fonts.language`. Provided value: svelte
2025-05-29 12:03:19.736 [error] [idleberg.icon-fonts]: Unknown language in `contributes.icon-fonts.language`. Provided value: svelte
2025-05-29 12:03:19.737 [error] [idleberg.icon-fonts]: Unknown language in `contributes.icon-fonts.language`. Provided value: svelte
2025-05-29 12:03:19.737 [error] [idleberg.icon-fonts]: Unknown language in `contributes.icon-fonts.language`. Provided value: svelte
2025-05-29 12:03:19.737 [error] [idleberg.icon-fonts]: Unknown language in `contributes.icon-fonts.language`. Provided value: svelte
2025-05-29 12:03:19.737 [error] [idleberg.icon-fonts]: Unknown language in `contributes.icon-fonts.language`. Provided value: svelte
2025-05-29 12:03:19.738 [error] [idleberg.icon-fonts]: Unknown language in `contributes.icon-fonts.language`. Provided value: svelte
2025-05-29 12:03:19.738 [error] [idleberg.icon-fonts]: Unknown language in `contributes.icon-fonts.language`. Provided value: svelte
2025-05-29 12:03:19.738 [error] [idleberg.icon-fonts]: Unknown language in `contributes.icon-fonts.language`. Provided value: svelte
2025-05-29 12:03:19.739 [error] [idleberg.icon-fonts]: Unknown language in `contributes.icon-fonts.language`. Provided value: svelte
2025-05-29 12:03:19.739 [error] [idleberg.icon-fonts]: Unknown language in `contributes.icon-fonts.language`. Provided value: svelte
2025-05-29 12:03:19.740 [error] [idleberg.icon-fonts]: Unknown language in `contributes.icon-fonts.language`. Provided value: svelte
2025-05-29 12:03:19.740 [error] [idleberg.icon-fonts]: Unknown language in `contributes.icon-fonts.language`. Provided value: svelte
2025-05-29 12:03:19.741 [error] [idleberg.icon-fonts]: Unknown language in `contributes.icon-fonts.language`. Provided value: svelte
2025-05-29 12:03:19.742 [error] [idleberg.icon-fonts]: Unknown language in `contributes.icon-fonts.language`. Provided value: svelte
2025-05-29 12:03:19.742 [error] [idleberg.icon-fonts]: Unknown language in `contributes.icon-fonts.language`. Provided value: svelte
2025-05-29 12:03:19.743 [error] [idleberg.icon-fonts]: Unknown language in `contributes.icon-fonts.language`. Provided value: svelte
2025-05-29 12:03:19.743 [error] [idleberg.icon-fonts]: Unknown language in `contributes.icon-fonts.language`. Provided value: svelte
2025-05-29 12:03:19.743 [error] [idleberg.icon-fonts]: Unknown language in `contributes.icon-fonts.language`. Provided value: svelte
2025-05-29 12:03:21.435 [info] [perf] Render performance baseline is 27ms
2025-05-29 12:03:26.100 [error] Error: Unable to read file '/home/tratum/.vscode-oss/extensions/idleberg.icon-fonts-2.5.4-universal/snippets/css/fi.json' (Error: Unable to resolve nonexistent file '/home/tratum/.vscode-oss/extensions/idleberg.icon-fonts-2.5.4-universal/snippets/css/fi.json')
    at Rft.restoreReadError (vscode-file://vscode-app/usr/share/codium/resources/app/out/vs/workbench/workbench.desktop.main.js:3232:90788)
    at Rft.doReadFileStream (vscode-file://vscode-app/usr/share/codium/resources/app/out/vs/workbench/workbench.desktop.main.js:3232:90569)
    at async Rft.doReadFile (vscode-file://vscode-app/usr/share/codium/resources/app/out/vs/workbench/workbench.desktop.main.js:3232:89814)
    at async Hmt.readExtensionResource (vscode-file://vscode-app/usr/share/codium/resources/app/out/vs/workbench/workbench.desktop.main.js:3262:2343) file:///home/tratum/.vscode-oss/extensions/idleberg.icon-fonts-2.5.4-universal/snippets/css/fi.json
2025-05-29 12:03:26.101 [error] Error: Unable to read file '/home/tratum/.vscode-oss/extensions/idleberg.icon-fonts-2.5.4-universal/snippets/css/fi.json' (Error: Unable to resolve nonexistent file '/home/tratum/.vscode-oss/extensions/idleberg.icon-fonts-2.5.4-universal/snippets/css/fi.json')
    at Rft.restoreReadError (vscode-file://vscode-app/usr/share/codium/resources/app/out/vs/workbench/workbench.desktop.main.js:3232:90788)
    at Rft.doReadFileStream (vscode-file://vscode-app/usr/share/codium/resources/app/out/vs/workbench/workbench.desktop.main.js:3232:90569)
    at async Rft.doReadFile (vscode-file://vscode-app/usr/share/codium/resources/app/out/vs/workbench/workbench.desktop.main.js:3232:89814)
    at async Hmt.readExtensionResource (vscode-file://vscode-app/usr/share/codium/resources/app/out/vs/workbench/workbench.desktop.main.js:3262:2343) file:///home/tratum/.vscode-oss/extensions/idleberg.icon-fonts-2.5.4-universal/snippets/css/fi.json
2025-05-29 12:03:26.101 [error] Error: Unable to read file '/home/tratum/.vscode-oss/extensions/idleberg.icon-fonts-2.5.4-universal/snippets/html/fi.json' (Error: Unable to resolve nonexistent file '/home/tratum/.vscode-oss/extensions/idleberg.icon-fonts-2.5.4-universal/snippets/html/fi.json')
    at Rft.restoreReadError (vscode-file://vscode-app/usr/share/codium/resources/app/out/vs/workbench/workbench.desktop.main.js:3232:90788)
    at Rft.doReadFileStream (vscode-file://vscode-app/usr/share/codium/resources/app/out/vs/workbench/workbench.desktop.main.js:3232:90569)
    at async Rft.doReadFile (vscode-file://vscode-app/usr/share/codium/resources/app/out/vs/workbench/workbench.desktop.main.js:3232:89814)
    at async Hmt.readExtensionResource (vscode-file://vscode-app/usr/share/codium/resources/app/out/vs/workbench/workbench.desktop.main.js:3262:2343) file:///home/tratum/.vscode-oss/extensions/idleberg.icon-fonts-2.5.4-universal/snippets/html/fi.json
2025-05-29 12:03:26.101 [error] Error: Unable to read file '/home/tratum/.vscode-oss/extensions/idleberg.icon-fonts-2.5.4-universal/snippets/html/fi.json' (Error: Unable to resolve nonexistent file '/home/tratum/.vscode-oss/extensions/idleberg.icon-fonts-2.5.4-universal/snippets/html/fi.json')
    at Rft.restoreReadError (vscode-file://vscode-app/usr/share/codium/resources/app/out/vs/workbench/workbench.desktop.main.js:3232:90788)
    at Rft.doReadFileStream (vscode-file://vscode-app/usr/share/codium/resources/app/out/vs/workbench/workbench.desktop.main.js:3232:90569)
    at async Rft.doReadFile (vscode-file://vscode-app/usr/share/codium/resources/app/out/vs/workbench/workbench.desktop.main.js:3232:89814)
    at async Hmt.readExtensionResource (vscode-file://vscode-app/usr/share/codium/resources/app/out/vs/workbench/workbench.desktop.main.js:3262:2343) file:///home/tratum/.vscode-oss/extensions/idleberg.icon-fonts-2.5.4-universal/snippets/html/fi.json
2025-05-29 12:03:26.102 [error] Error: Unable to read file '/home/tratum/.vscode-oss/extensions/idleberg.icon-fonts-2.5.4-universal/snippets/jsx/fi.json' (Error: Unable to resolve nonexistent file '/home/tratum/.vscode-oss/extensions/idleberg.icon-fonts-2.5.4-universal/snippets/jsx/fi.json')
    at Rft.restoreReadError (vscode-file://vscode-app/usr/share/codium/resources/app/out/vs/workbench/workbench.desktop.main.js:3232:90788)
    at Rft.doReadFileStream (vscode-file://vscode-app/usr/share/codium/resources/app/out/vs/workbench/workbench.desktop.main.js:3232:90569)
    at async Rft.doReadFile (vscode-file://vscode-app/usr/share/codium/resources/app/out/vs/workbench/workbench.desktop.main.js:3232:89814)
    at async Hmt.readExtensionResource (vscode-file://vscode-app/usr/share/codium/resources/app/out/vs/workbench/workbench.desktop.main.js:3262:2343) file:///home/tratum/.vscode-oss/extensions/idleberg.icon-fonts-2.5.4-universal/snippets/jsx/fi.json
2025-05-29 12:03:26.102 [error] Error: Unable to read file '/home/tratum/.vscode-oss/extensions/idleberg.icon-fonts-2.5.4-universal/snippets/jsx/fi.json' (Error: Unable to resolve nonexistent file '/home/tratum/.vscode-oss/extensions/idleberg.icon-fonts-2.5.4-universal/snippets/jsx/fi.json')
    at Rft.restoreReadError (vscode-file://vscode-app/usr/share/codium/resources/app/out/vs/workbench/workbench.desktop.main.js:3232:90788)
    at Rft.doReadFileStream (vscode-file://vscode-app/usr/share/codium/resources/app/out/vs/workbench/workbench.desktop.main.js:3232:90569)
    at async Rft.doReadFile (vscode-file://vscode-app/usr/share/codium/resources/app/out/vs/workbench/workbench.desktop.main.js:3232:89814)
    at async Hmt.readExtensionResource (vscode-file://vscode-app/usr/share/codium/resources/app/out/vs/workbench/workbench.desktop.main.js:3262:2343) file:///home/tratum/.vscode-oss/extensions/idleberg.icon-fonts-2.5.4-universal/snippets/jsx/fi.json
2025-05-29 12:03:26.103 [error] Error: Unable to read file '/home/tratum/.vscode-oss/extensions/idleberg.icon-fonts-2.5.4-universal/snippets/jsx/geomicon.json' (Error: Unable to resolve nonexistent file '/home/tratum/.vscode-oss/extensions/idleberg.icon-fonts-2.5.4-universal/snippets/jsx/geomicon.json')
    at Rft.restoreReadError (vscode-file://vscode-app/usr/share/codium/resources/app/out/vs/workbench/workbench.desktop.main.js:3232:90788)
    at Rft.doReadFileStream (vscode-file://vscode-app/usr/share/codium/resources/app/out/vs/workbench/workbench.desktop.main.js:3232:90569)
    at async Rft.doReadFile (vscode-file://vscode-app/usr/share/codium/resources/app/out/vs/workbench/workbench.desktop.main.js:3232:89814)
    at async Hmt.readExtensionResource (vscode-file://vscode-app/usr/share/codium/resources/app/out/vs/workbench/workbench.desktop.main.js:3262:2343) file:///home/tratum/.vscode-oss/extensions/idleberg.icon-fonts-2.5.4-universal/snippets/jsx/geomicon.json
2025-05-29 12:03:26.103 [error] Error: Unable to read file '/home/tratum/.vscode-oss/extensions/idleberg.icon-fonts-2.5.4-universal/snippets/jsx/geomicon.json' (Error: Unable to resolve nonexistent file '/home/tratum/.vscode-oss/extensions/idleberg.icon-fonts-2.5.4-universal/snippets/jsx/geomicon.json')
    at Rft.restoreReadError (vscode-file://vscode-app/usr/share/codium/resources/app/out/vs/workbench/workbench.desktop.main.js:3232:90788)
    at Rft.doReadFileStream (vscode-file://vscode-app/usr/share/codium/resources/app/out/vs/workbench/workbench.desktop.main.js:3232:90569)
    at async Rft.doReadFile (vscode-file://vscode-app/usr/share/codium/resources/app/out/vs/workbench/workbench.desktop.main.js:3232:89814)
    at async Hmt.readExtensionResource (vscode-file://vscode-app/usr/share/codium/resources/app/out/vs/workbench/workbench.desktop.main.js:3262:2343) file:///home/tratum/.vscode-oss/extensions/idleberg.icon-fonts-2.5.4-universal/snippets/jsx/geomicon.json
2025-05-29 12:03:39.470 [error] Error while getting the latest version for the extension brunnerh.insert-unicode. Fetch timeout: 10000ms
2025-05-29 12:03:39.471 [error] Error while getting the latest version for the extension codeshake.typograf-vscode. Fetch timeout: 10000ms
2025-05-29 12:03:39.472 [error] Error while getting the latest version for the extension emroussel.atomize-atom-one-dark-theme. Fetch timeout: 10000ms
2025-05-29 12:03:39.474 [error] Error while getting the latest version for the extension esbenp.prettier-vscode. Fetch timeout: 10000ms
2025-05-29 12:03:39.475 [error] Error while getting the latest version for the extension eww-yuck.yuck. Fetch timeout: 10000ms
2025-05-29 12:03:39.476 [error] Error while getting the latest version for the extension gencer.html-slim-scss-css-class-completion. Fetch timeout: 10000ms
2025-05-29 12:03:39.477 [error] Error while getting the latest version for the extension idleberg.icon-fonts. Fetch timeout: 10000ms
2025-05-29 12:03:39.478 [error] Error while getting the latest version for the extension jdinhlife.gruvbox. Fetch timeout: 10000ms
2025-05-29 12:03:39.479 [error] Error while getting the latest version for the extension miguelsolorio.fluent-icons. Fetch timeout: 10000ms
2025-05-29 12:03:39.480 [error] Error while getting the latest version for the extension pkief.material-icon-theme. Fetch timeout: 10000ms
2025-05-29 12:03:39.481 [error] Error while getting the latest version for the extension timonwong.shellcheck. Fetch timeout: 10000ms
2025-05-29 12:03:39.482 [error] Error while getting the latest version for the extension vscode-icons-team.vscode-icons. Fetch timeout: 10000ms
2025-05-29 12:03:39.484 [error] Error while getting the latest version for the extension ziglang.vscode-zig. Fetch timeout: 10000ms
2025-05-29 12:03:41.936 [error] Error: Unable to read file '/home/tratum/.vscode-oss/extensions/idleberg.icon-fonts-2.5.4-universal/snippets/css/fi.json' (Error: Unable to resolve nonexistent file '/home/tratum/.vscode-oss/extensions/idleberg.icon-fonts-2.5.4-universal/snippets/css/fi.json')
    at Rft.restoreReadError (vscode-file://vscode-app/usr/share/codium/resources/app/out/vs/workbench/workbench.desktop.main.js:3232:90788)
    at Rft.doReadFileStream (vscode-file://vscode-app/usr/share/codium/resources/app/out/vs/workbench/workbench.desktop.main.js:3232:90569)
    at async Rft.doReadFile (vscode-file://vscode-app/usr/share/codium/resources/app/out/vs/workbench/workbench.desktop.main.js:3232:89814)
    at async Hmt.readExtensionResource (vscode-file://vscode-app/usr/share/codium/resources/app/out/vs/workbench/workbench.desktop.main.js:3262:2343) file:///home/tratum/.vscode-oss/extensions/idleberg.icon-fonts-2.5.4-universal/snippets/css/fi.json
2025-05-29 12:03:41.937 [error] Error: Unable to read file '/home/tratum/.vscode-oss/extensions/idleberg.icon-fonts-2.5.4-universal/snippets/html/fi.json' (Error: Unable to resolve nonexistent file '/home/tratum/.vscode-oss/extensions/idleberg.icon-fonts-2.5.4-universal/snippets/html/fi.json')
    at Rft.restoreReadError (vscode-file://vscode-app/usr/share/codium/resources/app/out/vs/workbench/workbench.desktop.main.js:3232:90788)
    at Rft.doReadFileStream (vscode-file://vscode-app/usr/share/codium/resources/app/out/vs/workbench/workbench.desktop.main.js:3232:90569)
    at async Rft.doReadFile (vscode-file://vscode-app/usr/share/codium/resources/app/out/vs/workbench/workbench.desktop.main.js:3232:89814)
    at async Hmt.readExtensionResource (vscode-file://vscode-app/usr/share/codium/resources/app/out/vs/workbench/workbench.desktop.main.js:3262:2343) file:///home/tratum/.vscode-oss/extensions/idleberg.icon-fonts-2.5.4-universal/snippets/html/fi.json
2025-05-29 12:03:41.937 [error] Error: Unable to read file '/home/tratum/.vscode-oss/extensions/idleberg.icon-fonts-2.5.4-universal/snippets/jsx/fi.json' (Error: Unable to resolve nonexistent file '/home/tratum/.vscode-oss/extensions/idleberg.icon-fonts-2.5.4-universal/snippets/jsx/fi.json')
    at Rft.restoreReadError (vscode-file://vscode-app/usr/share/codium/resources/app/out/vs/workbench/workbench.desktop.main.js:3232:90788)
    at Rft.doReadFileStream (vscode-file://vscode-app/usr/share/codium/resources/app/out/vs/workbench/workbench.desktop.main.js:3232:90569)
    at async Rft.doReadFile (vscode-file://vscode-app/usr/share/codium/resources/app/out/vs/workbench/workbench.desktop.main.js:3232:89814)
    at async Hmt.readExtensionResource (vscode-file://vscode-app/usr/share/codium/resources/app/out/vs/workbench/workbench.desktop.main.js:3262:2343) file:///home/tratum/.vscode-oss/extensions/idleberg.icon-fonts-2.5.4-universal/snippets/jsx/fi.json
2025-05-29 12:03:41.938 [error] Error: Unable to read file '/home/tratum/.vscode-oss/extensions/idleberg.icon-fonts-2.5.4-universal/snippets/jsx/geomicon.json' (Error: Unable to resolve nonexistent file '/home/tratum/.vscode-oss/extensions/idleberg.icon-fonts-2.5.4-universal/snippets/jsx/geomicon.json')
    at Rft.restoreReadError (vscode-file://vscode-app/usr/share/codium/resources/app/out/vs/workbench/workbench.desktop.main.js:3232:90788)
    at Rft.doReadFileStream (vscode-file://vscode-app/usr/share/codium/resources/app/out/vs/workbench/workbench.desktop.main.js:3232:90569)
    at async Rft.doReadFile (vscode-file://vscode-app/usr/share/codium/resources/app/out/vs/workbench/workbench.desktop.main.js:3232:89814)
    at async Hmt.readExtensionResource (vscode-file://vscode-app/usr/share/codium/resources/app/out/vs/workbench/workbench.desktop.main.js:3262:2343) file:///home/tratum/.vscode-oss/extensions/idleberg.icon-fonts-2.5.4-universal/snippets/jsx/geomicon.json
2025-05-29 12:03:56.521 [error] Error: Unable to read file '/home/tratum/.vscode-oss/extensions/idleberg.icon-fonts-2.5.4-universal/snippets/css/fi.json' (Error: Unable to resolve nonexistent file '/home/tratum/.vscode-oss/extensions/idleberg.icon-fonts-2.5.4-universal/snippets/css/fi.json')
    at Rft.restoreReadError (vscode-file://vscode-app/usr/share/codium/resources/app/out/vs/workbench/workbench.desktop.main.js:3232:90788)
    at Rft.doReadFileStream (vscode-file://vscode-app/usr/share/codium/resources/app/out/vs/workbench/workbench.desktop.main.js:3232:90569)
    at async Rft.doReadFile (vscode-file://vscode-app/usr/share/codium/resources/app/out/vs/workbench/workbench.desktop.main.js:3232:89814)
    at async Hmt.readExtensionResource (vscode-file://vscode-app/usr/share/codium/resources/app/out/vs/workbench/workbench.desktop.main.js:3262:2343) file:///home/tratum/.vscode-oss/extensions/idleberg.icon-fonts-2.5.4-universal/snippets/css/fi.json
2025-05-29 12:03:56.522 [error] Error: Unable to read file '/home/tratum/.vscode-oss/extensions/idleberg.icon-fonts-2.5.4-universal/snippets/html/fi.json' (Error: Unable to resolve nonexistent file '/home/tratum/.vscode-oss/extensions/idleberg.icon-fonts-2.5.4-universal/snippets/html/fi.json')
    at Rft.restoreReadError (vscode-file://vscode-app/usr/share/codium/resources/app/out/vs/workbench/workbench.desktop.main.js:3232:90788)
    at Rft.doReadFileStream (vscode-file://vscode-app/usr/share/codium/resources/app/out/vs/workbench/workbench.desktop.main.js:3232:90569)
    at async Rft.doReadFile (vscode-file://vscode-app/usr/share/codium/resources/app/out/vs/workbench/workbench.desktop.main.js:3232:89814)
    at async Hmt.readExtensionResource (vscode-file://vscode-app/usr/share/codium/resources/app/out/vs/workbench/workbench.desktop.main.js:3262:2343) file:///home/tratum/.vscode-oss/extensions/idleberg.icon-fonts-2.5.4-universal/snippets/html/fi.json
2025-05-29 12:03:56.523 [error] Error: Unable to read file '/home/tratum/.vscode-oss/extensions/idleberg.icon-fonts-2.5.4-universal/snippets/jsx/fi.json' (Error: Unable to resolve nonexistent file '/home/tratum/.vscode-oss/extensions/idleberg.icon-fonts-2.5.4-universal/snippets/jsx/fi.json')
    at Rft.restoreReadError (vscode-file://vscode-app/usr/share/codium/resources/app/out/vs/workbench/workbench.desktop.main.js:3232:90788)
    at Rft.doReadFileStream (vscode-file://vscode-app/usr/share/codium/resources/app/out/vs/workbench/workbench.desktop.main.js:3232:90569)
    at async Rft.doReadFile (vscode-file://vscode-app/usr/share/codium/resources/app/out/vs/workbench/workbench.desktop.main.js:3232:89814)
    at async Hmt.readExtensionResource (vscode-file://vscode-app/usr/share/codium/resources/app/out/vs/workbench/workbench.desktop.main.js:3262:2343) file:///home/tratum/.vscode-oss/extensions/idleberg.icon-fonts-2.5.4-universal/snippets/jsx/fi.json
2025-05-29 12:03:56.523 [error] Error: Unable to read file '/home/tratum/.vscode-oss/extensions/idleberg.icon-fonts-2.5.4-universal/snippets/jsx/geomicon.json' (Error: Unable to resolve nonexistent file '/home/tratum/.vscode-oss/extensions/idleberg.icon-fonts-2.5.4-universal/snippets/jsx/geomicon.json')
    at Rft.restoreReadError (vscode-file://vscode-app/usr/share/codium/resources/app/out/vs/workbench/workbench.desktop.main.js:3232:90788)
    at Rft.doReadFileStream (vscode-file://vscode-app/usr/share/codium/resources/app/out/vs/workbench/workbench.desktop.main.js:3232:90569)
    at async Rft.doReadFile (vscode-file://vscode-app/usr/share/codium/resources/app/out/vs/workbench/workbench.desktop.main.js:3232:89814)
    at async Hmt.readExtensionResource (vscode-file://vscode-app/usr/share/codium/resources/app/out/vs/workbench/workbench.desktop.main.js:3262:2343) file:///home/tratum/.vscode-oss/extensions/idleberg.icon-fonts-2.5.4-universal/snippets/jsx/geomicon.json
2025-05-29 12:03:56.672 [error] Error: Unable to read file '/home/tratum/.vscode-oss/extensions/idleberg.icon-fonts-2.5.4-universal/snippets/css/fi.json' (Error: Unable to resolve nonexistent file '/home/tratum/.vscode-oss/extensions/idleberg.icon-fonts-2.5.4-universal/snippets/css/fi.json')
    at Rft.restoreReadError (vscode-file://vscode-app/usr/share/codium/resources/app/out/vs/workbench/workbench.desktop.main.js:3232:90788)
    at Rft.doReadFileStream (vscode-file://vscode-app/usr/share/codium/resources/app/out/vs/workbench/workbench.desktop.main.js:3232:90569)
    at async Rft.doReadFile (vscode-file://vscode-app/usr/share/codium/resources/app/out/vs/workbench/workbench.desktop.main.js:3232:89814)
    at async Hmt.readExtensionResource (vscode-file://vscode-app/usr/share/codium/resources/app/out/vs/workbench/workbench.desktop.main.js:3262:2343) file:///home/tratum/.vscode-oss/extensions/idleberg.icon-fonts-2.5.4-universal/snippets/css/fi.json
2025-05-29 12:03:56.672 [error] Error: Unable to read file '/home/tratum/.vscode-oss/extensions/idleberg.icon-fonts-2.5.4-universal/snippets/html/fi.json' (Error: Unable to resolve nonexistent file '/home/tratum/.vscode-oss/extensions/idleberg.icon-fonts-2.5.4-universal/snippets/html/fi.json')
    at Rft.restoreReadError (vscode-file://vscode-app/usr/share/codium/resources/app/out/vs/workbench/workbench.desktop.main.js:3232:90788)
    at Rft.doReadFileStream (vscode-file://vscode-app/usr/share/codium/resources/app/out/vs/workbench/workbench.desktop.main.js:3232:90569)
    at async Rft.doReadFile (vscode-file://vscode-app/usr/share/codium/resources/app/out/vs/workbench/workbench.desktop.main.js:3232:89814)
    at async Hmt.readExtensionResource (vscode-file://vscode-app/usr/share/codium/resources/app/out/vs/workbench/workbench.desktop.main.js:3262:2343) file:///home/tratum/.vscode-oss/extensions/idleberg.icon-fonts-2.5.4-universal/snippets/html/fi.json
2025-05-29 12:03:56.673 [error] Error: Unable to read file '/home/tratum/.vscode-oss/extensions/idleberg.icon-fonts-2.5.4-universal/snippets/jsx/fi.json' (Error: Unable to resolve nonexistent file '/home/tratum/.vscode-oss/extensions/idleberg.icon-fonts-2.5.4-universal/snippets/jsx/fi.json')
    at Rft.restoreReadError (vscode-file://vscode-app/usr/share/codium/resources/app/out/vs/workbench/workbench.desktop.main.js:3232:90788)
    at Rft.doReadFileStream (vscode-file://vscode-app/usr/share/codium/resources/app/out/vs/workbench/workbench.desktop.main.js:3232:90569)
    at async Rft.doReadFile (vscode-file://vscode-app/usr/share/codium/resources/app/out/vs/workbench/workbench.desktop.main.js:3232:89814)
    at async Hmt.readExtensionResource (vscode-file://vscode-app/usr/share/codium/resources/app/out/vs/workbench/workbench.desktop.main.js:3262:2343) file:///home/tratum/.vscode-oss/extensions/idleberg.icon-fonts-2.5.4-universal/snippets/jsx/fi.json
2025-05-29 12:03:56.673 [error] Error: Unable to read file '/home/tratum/.vscode-oss/extensions/idleberg.icon-fonts-2.5.4-universal/snippets/jsx/geomicon.json' (Error: Unable to resolve nonexistent file '/home/tratum/.vscode-oss/extensions/idleberg.icon-fonts-2.5.4-universal/snippets/jsx/geomicon.json')
    at Rft.restoreReadError (vscode-file://vscode-app/usr/share/codium/resources/app/out/vs/workbench/workbench.desktop.main.js:3232:90788)
    at Rft.doReadFileStream (vscode-file://vscode-app/usr/share/codium/resources/app/out/vs/workbench/workbench.desktop.main.js:3232:90569)
    at async Rft.doReadFile (vscode-file://vscode-app/usr/share/codium/resources/app/out/vs/workbench/workbench.desktop.main.js:3232:89814)
    at async Hmt.readExtensionResource (vscode-file://vscode-app/usr/share/codium/resources/app/out/vs/workbench/workbench.desktop.main.js:3262:2343) file:///home/tratum/.vscode-oss/extensions/idleberg.icon-fonts-2.5.4-universal/snippets/jsx/geomicon.json
