2025-05-28 17:55:27.459 [info] Started local extension host with pid 2251.
2025-05-28 17:55:27.520 [info] ComputeTargetPlatform: linux-x64
2025-05-28 17:55:28.399 [error] [idleberg.icon-fonts]: Unknown language in `contributes.icon-fonts.language`. Provided value: blade
2025-05-28 17:55:28.401 [error] [idleberg.icon-fonts]: Unknown language in `contributes.icon-fonts.language`. Provided value: blade
2025-05-28 17:55:28.402 [error] [idleberg.icon-fonts]: Unknown language in `contributes.icon-fonts.language`. Provided value: blade
2025-05-28 17:55:28.403 [error] [idleberg.icon-fonts]: Unknown language in `contributes.icon-fonts.language`. Provided value: blade
2025-05-28 17:55:28.403 [error] [idleberg.icon-fonts]: Unknown language in `contributes.icon-fonts.language`. Provided value: blade
2025-05-28 17:55:28.404 [error] [idleberg.icon-fonts]: Unknown language in `contributes.icon-fonts.language`. Provided value: blade
2025-05-28 17:55:28.405 [error] [idleberg.icon-fonts]: Unknown language in `contributes.icon-fonts.language`. Provided value: blade
2025-05-28 17:55:28.406 [error] [idleberg.icon-fonts]: Unknown language in `contributes.icon-fonts.language`. Provided value: blade
2025-05-28 17:55:28.407 [error] [idleberg.icon-fonts]: Unknown language in `contributes.icon-fonts.language`. Provided value: blade
2025-05-28 17:55:28.408 [error] [idleberg.icon-fonts]: Unknown language in `contributes.icon-fonts.language`. Provided value: blade
2025-05-28 17:55:28.409 [error] [idleberg.icon-fonts]: Unknown language in `contributes.icon-fonts.language`. Provided value: blade
2025-05-28 17:55:28.410 [error] [idleberg.icon-fonts]: Unknown language in `contributes.icon-fonts.language`. Provided value: blade
2025-05-28 17:55:28.410 [error] [idleberg.icon-fonts]: Unknown language in `contributes.icon-fonts.language`. Provided value: blade
2025-05-28 17:55:28.411 [error] [idleberg.icon-fonts]: Unknown language in `contributes.icon-fonts.language`. Provided value: blade
2025-05-28 17:55:28.412 [error] [idleberg.icon-fonts]: Unknown language in `contributes.icon-fonts.language`. Provided value: blade
2025-05-28 17:55:28.413 [error] [idleberg.icon-fonts]: Unknown language in `contributes.icon-fonts.language`. Provided value: blade
2025-05-28 17:55:28.413 [error] [idleberg.icon-fonts]: Unknown language in `contributes.icon-fonts.language`. Provided value: blade
2025-05-28 17:55:28.414 [error] [idleberg.icon-fonts]: Unknown language in `contributes.icon-fonts.language`. Provided value: blade
2025-05-28 17:55:28.414 [error] [idleberg.icon-fonts]: Unknown language in `contributes.icon-fonts.language`. Provided value: blade
2025-05-28 17:55:28.415 [error] [idleberg.icon-fonts]: Unknown language in `contributes.icon-fonts.language`. Provided value: blade
2025-05-28 17:55:28.415 [error] [idleberg.icon-fonts]: Unknown language in `contributes.icon-fonts.language`. Provided value: blade
2025-05-28 17:55:28.416 [error] [idleberg.icon-fonts]: Unknown language in `contributes.icon-fonts.language`. Provided value: blade
2025-05-28 17:55:28.416 [error] [idleberg.icon-fonts]: Unknown language in `contributes.icon-fonts.language`. Provided value: blade
2025-05-28 17:55:28.417 [error] [idleberg.icon-fonts]: Unknown language in `contributes.icon-fonts.language`. Provided value: blade
2025-05-28 17:55:28.417 [error] [idleberg.icon-fonts]: Unknown language in `contributes.icon-fonts.language`. Provided value: blade
2025-05-28 17:55:28.418 [error] [idleberg.icon-fonts]: Unknown language in `contributes.icon-fonts.language`. Provided value: blade
2025-05-28 17:55:28.418 [error] [idleberg.icon-fonts]: Unknown language in `contributes.icon-fonts.language`. Provided value: blade
2025-05-28 17:55:28.419 [error] [idleberg.icon-fonts]: Unknown language in `contributes.icon-fonts.language`. Provided value: vue-html
2025-05-28 17:55:28.419 [error] [idleberg.icon-fonts]: Unknown language in `contributes.icon-fonts.language`. Provided value: vue-html
2025-05-28 17:55:28.419 [error] [idleberg.icon-fonts]: Unknown language in `contributes.icon-fonts.language`. Provided value: vue-html
2025-05-28 17:55:28.420 [error] [idleberg.icon-fonts]: Unknown language in `contributes.icon-fonts.language`. Provided value: vue-html
2025-05-28 17:55:28.420 [error] [idleberg.icon-fonts]: Unknown language in `contributes.icon-fonts.language`. Provided value: vue-html
2025-05-28 17:55:28.421 [error] [idleberg.icon-fonts]: Unknown language in `contributes.icon-fonts.language`. Provided value: vue-html
2025-05-28 17:55:28.422 [error] [idleberg.icon-fonts]: Unknown language in `contributes.icon-fonts.language`. Provided value: vue-html
2025-05-28 17:55:28.422 [error] [idleberg.icon-fonts]: Unknown language in `contributes.icon-fonts.language`. Provided value: vue-html
2025-05-28 17:55:28.423 [error] [idleberg.icon-fonts]: Unknown language in `contributes.icon-fonts.language`. Provided value: vue-html
2025-05-28 17:55:28.424 [error] [idleberg.icon-fonts]: Unknown language in `contributes.icon-fonts.language`. Provided value: vue-html
2025-05-28 17:55:28.425 [error] [idleberg.icon-fonts]: Unknown language in `contributes.icon-fonts.language`. Provided value: vue-html
2025-05-28 17:55:28.426 [error] [idleberg.icon-fonts]: Unknown language in `contributes.icon-fonts.language`. Provided value: vue-html
2025-05-28 17:55:28.426 [error] [idleberg.icon-fonts]: Unknown language in `contributes.icon-fonts.language`. Provided value: vue-html
2025-05-28 17:55:28.427 [error] [idleberg.icon-fonts]: Unknown language in `contributes.icon-fonts.language`. Provided value: vue-html
2025-05-28 17:55:28.428 [error] [idleberg.icon-fonts]: Unknown language in `contributes.icon-fonts.language`. Provided value: vue-html
2025-05-28 17:55:28.429 [error] [idleberg.icon-fonts]: Unknown language in `contributes.icon-fonts.language`. Provided value: vue-html
2025-05-28 17:55:28.430 [error] [idleberg.icon-fonts]: Unknown language in `contributes.icon-fonts.language`. Provided value: vue-html
2025-05-28 17:55:28.431 [error] [idleberg.icon-fonts]: Unknown language in `contributes.icon-fonts.language`. Provided value: vue-html
2025-05-28 17:55:28.431 [error] [idleberg.icon-fonts]: Unknown language in `contributes.icon-fonts.language`. Provided value: vue-html
2025-05-28 17:55:28.432 [error] [idleberg.icon-fonts]: Unknown language in `contributes.icon-fonts.language`. Provided value: vue-html
2025-05-28 17:55:28.432 [error] [idleberg.icon-fonts]: Unknown language in `contributes.icon-fonts.language`. Provided value: vue-html
2025-05-28 17:55:28.433 [error] [idleberg.icon-fonts]: Unknown language in `contributes.icon-fonts.language`. Provided value: vue-html
2025-05-28 17:55:28.434 [error] [idleberg.icon-fonts]: Unknown language in `contributes.icon-fonts.language`. Provided value: vue-html
2025-05-28 17:55:28.434 [error] [idleberg.icon-fonts]: Unknown language in `contributes.icon-fonts.language`. Provided value: vue-html
2025-05-28 17:55:28.435 [error] [idleberg.icon-fonts]: Unknown language in `contributes.icon-fonts.language`. Provided value: vue-html
2025-05-28 17:55:28.436 [error] [idleberg.icon-fonts]: Unknown language in `contributes.icon-fonts.language`. Provided value: vue-html
2025-05-28 17:55:28.436 [error] [idleberg.icon-fonts]: Unknown language in `contributes.icon-fonts.language`. Provided value: vue-html
2025-05-28 17:55:28.437 [error] [idleberg.icon-fonts]: Unknown language in `contributes.icon-fonts.language`. Provided value: svelte
2025-05-28 17:55:28.438 [error] [idleberg.icon-fonts]: Unknown language in `contributes.icon-fonts.language`. Provided value: svelte
2025-05-28 17:55:28.439 [error] [idleberg.icon-fonts]: Unknown language in `contributes.icon-fonts.language`. Provided value: svelte
2025-05-28 17:55:28.440 [error] [idleberg.icon-fonts]: Unknown language in `contributes.icon-fonts.language`. Provided value: svelte
2025-05-28 17:55:28.440 [error] [idleberg.icon-fonts]: Unknown language in `contributes.icon-fonts.language`. Provided value: svelte
2025-05-28 17:55:28.441 [error] [idleberg.icon-fonts]: Unknown language in `contributes.icon-fonts.language`. Provided value: svelte
2025-05-28 17:55:28.441 [error] [idleberg.icon-fonts]: Unknown language in `contributes.icon-fonts.language`. Provided value: svelte
2025-05-28 17:55:28.442 [error] [idleberg.icon-fonts]: Unknown language in `contributes.icon-fonts.language`. Provided value: svelte
2025-05-28 17:55:28.443 [error] [idleberg.icon-fonts]: Unknown language in `contributes.icon-fonts.language`. Provided value: svelte
2025-05-28 17:55:28.443 [error] [idleberg.icon-fonts]: Unknown language in `contributes.icon-fonts.language`. Provided value: svelte
2025-05-28 17:55:28.444 [error] [idleberg.icon-fonts]: Unknown language in `contributes.icon-fonts.language`. Provided value: svelte
2025-05-28 17:55:28.444 [error] [idleberg.icon-fonts]: Unknown language in `contributes.icon-fonts.language`. Provided value: svelte
2025-05-28 17:55:28.445 [error] [idleberg.icon-fonts]: Unknown language in `contributes.icon-fonts.language`. Provided value: svelte
2025-05-28 17:55:28.445 [error] [idleberg.icon-fonts]: Unknown language in `contributes.icon-fonts.language`. Provided value: svelte
2025-05-28 17:55:28.446 [error] [idleberg.icon-fonts]: Unknown language in `contributes.icon-fonts.language`. Provided value: svelte
2025-05-28 17:55:28.446 [error] [idleberg.icon-fonts]: Unknown language in `contributes.icon-fonts.language`. Provided value: svelte
2025-05-28 17:55:28.447 [error] [idleberg.icon-fonts]: Unknown language in `contributes.icon-fonts.language`. Provided value: svelte
2025-05-28 17:55:28.447 [error] [idleberg.icon-fonts]: Unknown language in `contributes.icon-fonts.language`. Provided value: svelte
2025-05-28 17:55:28.447 [error] [idleberg.icon-fonts]: Unknown language in `contributes.icon-fonts.language`. Provided value: svelte
2025-05-28 17:55:28.448 [error] [idleberg.icon-fonts]: Unknown language in `contributes.icon-fonts.language`. Provided value: svelte
2025-05-28 17:55:28.448 [error] [idleberg.icon-fonts]: Unknown language in `contributes.icon-fonts.language`. Provided value: svelte
2025-05-28 17:55:28.449 [error] [idleberg.icon-fonts]: Unknown language in `contributes.icon-fonts.language`. Provided value: svelte
2025-05-28 17:55:28.449 [error] [idleberg.icon-fonts]: Unknown language in `contributes.icon-fonts.language`. Provided value: svelte
2025-05-28 17:55:28.450 [error] [idleberg.icon-fonts]: Unknown language in `contributes.icon-fonts.language`. Provided value: svelte
2025-05-28 17:55:28.451 [error] [idleberg.icon-fonts]: Unknown language in `contributes.icon-fonts.language`. Provided value: svelte
2025-05-28 17:55:28.452 [error] [idleberg.icon-fonts]: Unknown language in `contributes.icon-fonts.language`. Provided value: svelte
2025-05-28 17:55:28.453 [error] [idleberg.icon-fonts]: Unknown language in `contributes.icon-fonts.language`. Provided value: svelte
2025-05-28 17:55:30.104 [error] Error while getting the latest version for the extension emroussel.atomize-atom-one-dark-theme. Offline
2025-05-28 17:55:30.105 [error] Error while getting the latest version for the extension pkief.material-icon-theme. Offline
2025-05-28 17:55:30.106 [error] Error while getting the latest version for the extension jdinhlife.gruvbox. Offline
2025-05-28 17:55:30.108 [error] Error while getting the latest version for the extension esbenp.prettier-vscode. Offline
2025-05-28 17:55:30.110 [error] Error while getting the latest version for the extension miguelsolorio.fluent-icons. Offline
2025-05-28 17:55:30.112 [error] Error while getting the latest version for the extension brunnerh.insert-unicode. Offline
2025-05-28 17:55:30.113 [error] Error while getting the latest version for the extension eww-yuck.yuck. Offline
2025-05-28 17:55:30.114 [error] Error while getting the latest version for the extension codeshake.typograf-vscode. Offline
2025-05-28 17:55:30.115 [error] Error while getting the latest version for the extension gencer.html-slim-scss-css-class-completion. Offline
2025-05-28 17:55:30.116 [error] Error while getting the latest version for the extension idleberg.icon-fonts. Offline
2025-05-28 17:55:30.117 [error] Error while getting the latest version for the extension timonwong.shellcheck. Offline
2025-05-28 17:55:30.117 [error] Error while getting the latest version for the extension vscode-icons-team.vscode-icons. Offline
2025-05-28 17:55:30.118 [error] Error while getting the latest version for the extension ziglang.vscode-zig. Offline
2025-05-28 17:55:30.418 [info] [perf] Render performance baseline is 37ms
2025-05-28 17:56:19.225 [error] Error: Unable to read file '/home/tratum/.vscode-oss/extensions/idleberg.icon-fonts-2.5.4-universal/snippets/css/fi.json' (Error: Unable to resolve nonexistent file '/home/tratum/.vscode-oss/extensions/idleberg.icon-fonts-2.5.4-universal/snippets/css/fi.json')
    at Rft.restoreReadError (vscode-file://vscode-app/usr/share/codium/resources/app/out/vs/workbench/workbench.desktop.main.js:3232:90788)
    at Rft.doReadFileStream (vscode-file://vscode-app/usr/share/codium/resources/app/out/vs/workbench/workbench.desktop.main.js:3232:90569)
    at async Rft.doReadFile (vscode-file://vscode-app/usr/share/codium/resources/app/out/vs/workbench/workbench.desktop.main.js:3232:89814)
    at async Hmt.readExtensionResource (vscode-file://vscode-app/usr/share/codium/resources/app/out/vs/workbench/workbench.desktop.main.js:3262:2343)
    at async Promise.all (index 25)
    at async d8e.getSnippets (vscode-file://vscode-app/usr/share/codium/resources/app/out/vs/workbench/workbench.desktop.main.js:837:20365)
    at async SSi (vscode-file://vscode-app/usr/share/codium/resources/app/out/vs/workbench/workbench.desktop.main.js:2709:3965)
    at async kut.provideCodeActions (vscode-file://vscode-app/usr/share/codium/resources/app/out/vs/workbench/workbench.desktop.main.js:2709:5017)
    at async vscode-file://vscode-app/usr/share/codium/resources/app/out/vs/workbench/workbench.desktop.main.js:412:88902
    at async Promise.all (index 1) file:///home/tratum/.vscode-oss/extensions/idleberg.icon-fonts-2.5.4-universal/snippets/css/fi.json
2025-05-28 17:56:19.226 [error] Error: Unable to read file '/home/tratum/.vscode-oss/extensions/idleberg.icon-fonts-2.5.4-universal/snippets/html/fi.json' (Error: Unable to resolve nonexistent file '/home/tratum/.vscode-oss/extensions/idleberg.icon-fonts-2.5.4-universal/snippets/html/fi.json')
    at Rft.restoreReadError (vscode-file://vscode-app/usr/share/codium/resources/app/out/vs/workbench/workbench.desktop.main.js:3232:90788)
    at Rft.doReadFileStream (vscode-file://vscode-app/usr/share/codium/resources/app/out/vs/workbench/workbench.desktop.main.js:3232:90569)
    at async Rft.doReadFile (vscode-file://vscode-app/usr/share/codium/resources/app/out/vs/workbench/workbench.desktop.main.js:3232:89814)
    at async Hmt.readExtensionResource (vscode-file://vscode-app/usr/share/codium/resources/app/out/vs/workbench/workbench.desktop.main.js:3262:2343)
    at async Promise.all (index 49)
    at async d8e.getSnippets (vscode-file://vscode-app/usr/share/codium/resources/app/out/vs/workbench/workbench.desktop.main.js:837:20365)
    at async SSi (vscode-file://vscode-app/usr/share/codium/resources/app/out/vs/workbench/workbench.desktop.main.js:2709:3965)
    at async kut.provideCodeActions (vscode-file://vscode-app/usr/share/codium/resources/app/out/vs/workbench/workbench.desktop.main.js:2709:5017)
    at async vscode-file://vscode-app/usr/share/codium/resources/app/out/vs/workbench/workbench.desktop.main.js:412:88902
    at async Promise.all (index 1) file:///home/tratum/.vscode-oss/extensions/idleberg.icon-fonts-2.5.4-universal/snippets/html/fi.json
2025-05-28 17:56:19.227 [error] Error: Unable to read file '/home/tratum/.vscode-oss/extensions/idleberg.icon-fonts-2.5.4-universal/snippets/jsx/fi.json' (Error: Unable to resolve nonexistent file '/home/tratum/.vscode-oss/extensions/idleberg.icon-fonts-2.5.4-universal/snippets/jsx/fi.json')
    at Rft.restoreReadError (vscode-file://vscode-app/usr/share/codium/resources/app/out/vs/workbench/workbench.desktop.main.js:3232:90788)
    at Rft.doReadFileStream (vscode-file://vscode-app/usr/share/codium/resources/app/out/vs/workbench/workbench.desktop.main.js:3232:90569)
    at async Rft.doReadFile (vscode-file://vscode-app/usr/share/codium/resources/app/out/vs/workbench/workbench.desktop.main.js:3232:89814)
    at async Hmt.readExtensionResource (vscode-file://vscode-app/usr/share/codium/resources/app/out/vs/workbench/workbench.desktop.main.js:3262:2343)
    at async Promise.all (index 76)
    at async d8e.getSnippets (vscode-file://vscode-app/usr/share/codium/resources/app/out/vs/workbench/workbench.desktop.main.js:837:20365)
    at async SSi (vscode-file://vscode-app/usr/share/codium/resources/app/out/vs/workbench/workbench.desktop.main.js:2709:3965)
    at async kut.provideCodeActions (vscode-file://vscode-app/usr/share/codium/resources/app/out/vs/workbench/workbench.desktop.main.js:2709:5017)
    at async vscode-file://vscode-app/usr/share/codium/resources/app/out/vs/workbench/workbench.desktop.main.js:412:88902
    at async Promise.all (index 1) file:///home/tratum/.vscode-oss/extensions/idleberg.icon-fonts-2.5.4-universal/snippets/jsx/fi.json
2025-05-28 17:56:19.228 [error] Error: Unable to read file '/home/tratum/.vscode-oss/extensions/idleberg.icon-fonts-2.5.4-universal/snippets/jsx/geomicon.json' (Error: Unable to resolve nonexistent file '/home/tratum/.vscode-oss/extensions/idleberg.icon-fonts-2.5.4-universal/snippets/jsx/geomicon.json')
    at Rft.restoreReadError (vscode-file://vscode-app/usr/share/codium/resources/app/out/vs/workbench/workbench.desktop.main.js:3232:90788)
    at Rft.doReadFileStream (vscode-file://vscode-app/usr/share/codium/resources/app/out/vs/workbench/workbench.desktop.main.js:3232:90569)
    at async Rft.doReadFile (vscode-file://vscode-app/usr/share/codium/resources/app/out/vs/workbench/workbench.desktop.main.js:3232:89814)
    at async Hmt.readExtensionResource (vscode-file://vscode-app/usr/share/codium/resources/app/out/vs/workbench/workbench.desktop.main.js:3262:2343)
    at async Promise.all (index 78)
    at async d8e.getSnippets (vscode-file://vscode-app/usr/share/codium/resources/app/out/vs/workbench/workbench.desktop.main.js:837:20365)
    at async SSi (vscode-file://vscode-app/usr/share/codium/resources/app/out/vs/workbench/workbench.desktop.main.js:2709:3965)
    at async kut.provideCodeActions (vscode-file://vscode-app/usr/share/codium/resources/app/out/vs/workbench/workbench.desktop.main.js:2709:5017)
    at async vscode-file://vscode-app/usr/share/codium/resources/app/out/vs/workbench/workbench.desktop.main.js:412:88902
    at async Promise.all (index 1) file:///home/tratum/.vscode-oss/extensions/idleberg.icon-fonts-2.5.4-universal/snippets/jsx/geomicon.json
