2025-05-28 18:00:25.670 [info] Started local extension host with pid 2731.
2025-05-28 18:00:25.753 [info] ComputeTargetPlatform: linux-x64
2025-05-28 18:00:27.603 [error] [idleberg.icon-fonts]: Unknown language in `contributes.icon-fonts.language`. Provided value: blade
2025-05-28 18:00:27.604 [error] [idleberg.icon-fonts]: Unknown language in `contributes.icon-fonts.language`. Provided value: blade
2025-05-28 18:00:27.605 [error] [idleberg.icon-fonts]: Unknown language in `contributes.icon-fonts.language`. Provided value: blade
2025-05-28 18:00:27.606 [error] [idleberg.icon-fonts]: Unknown language in `contributes.icon-fonts.language`. Provided value: blade
2025-05-28 18:00:27.607 [error] [idleberg.icon-fonts]: Unknown language in `contributes.icon-fonts.language`. Provided value: blade
2025-05-28 18:00:27.608 [error] [idleberg.icon-fonts]: Unknown language in `contributes.icon-fonts.language`. Provided value: blade
2025-05-28 18:00:27.609 [error] [idleberg.icon-fonts]: Unknown language in `contributes.icon-fonts.language`. Provided value: blade
2025-05-28 18:00:27.610 [error] [idleberg.icon-fonts]: Unknown language in `contributes.icon-fonts.language`. Provided value: blade
2025-05-28 18:00:27.611 [error] [idleberg.icon-fonts]: Unknown language in `contributes.icon-fonts.language`. Provided value: blade
2025-05-28 18:00:27.612 [error] [idleberg.icon-fonts]: Unknown language in `contributes.icon-fonts.language`. Provided value: blade
2025-05-28 18:00:27.613 [error] [idleberg.icon-fonts]: Unknown language in `contributes.icon-fonts.language`. Provided value: blade
2025-05-28 18:00:27.614 [error] [idleberg.icon-fonts]: Unknown language in `contributes.icon-fonts.language`. Provided value: blade
2025-05-28 18:00:27.614 [error] [idleberg.icon-fonts]: Unknown language in `contributes.icon-fonts.language`. Provided value: blade
2025-05-28 18:00:27.615 [error] [idleberg.icon-fonts]: Unknown language in `contributes.icon-fonts.language`. Provided value: blade
2025-05-28 18:00:27.616 [error] [idleberg.icon-fonts]: Unknown language in `contributes.icon-fonts.language`. Provided value: blade
2025-05-28 18:00:27.617 [error] [idleberg.icon-fonts]: Unknown language in `contributes.icon-fonts.language`. Provided value: blade
2025-05-28 18:00:27.617 [error] [idleberg.icon-fonts]: Unknown language in `contributes.icon-fonts.language`. Provided value: blade
2025-05-28 18:00:27.618 [error] [idleberg.icon-fonts]: Unknown language in `contributes.icon-fonts.language`. Provided value: blade
2025-05-28 18:00:27.618 [error] [idleberg.icon-fonts]: Unknown language in `contributes.icon-fonts.language`. Provided value: blade
2025-05-28 18:00:27.619 [error] [idleberg.icon-fonts]: Unknown language in `contributes.icon-fonts.language`. Provided value: blade
2025-05-28 18:00:27.619 [error] [idleberg.icon-fonts]: Unknown language in `contributes.icon-fonts.language`. Provided value: blade
2025-05-28 18:00:27.619 [error] [idleberg.icon-fonts]: Unknown language in `contributes.icon-fonts.language`. Provided value: blade
2025-05-28 18:00:27.620 [error] [idleberg.icon-fonts]: Unknown language in `contributes.icon-fonts.language`. Provided value: blade
2025-05-28 18:00:27.620 [error] [idleberg.icon-fonts]: Unknown language in `contributes.icon-fonts.language`. Provided value: blade
2025-05-28 18:00:27.620 [error] [idleberg.icon-fonts]: Unknown language in `contributes.icon-fonts.language`. Provided value: blade
2025-05-28 18:00:27.621 [error] [idleberg.icon-fonts]: Unknown language in `contributes.icon-fonts.language`. Provided value: blade
2025-05-28 18:00:27.621 [error] [idleberg.icon-fonts]: Unknown language in `contributes.icon-fonts.language`. Provided value: blade
2025-05-28 18:00:27.622 [error] [idleberg.icon-fonts]: Unknown language in `contributes.icon-fonts.language`. Provided value: vue-html
2025-05-28 18:00:27.622 [error] [idleberg.icon-fonts]: Unknown language in `contributes.icon-fonts.language`. Provided value: vue-html
2025-05-28 18:00:27.623 [error] [idleberg.icon-fonts]: Unknown language in `contributes.icon-fonts.language`. Provided value: vue-html
2025-05-28 18:00:27.623 [error] [idleberg.icon-fonts]: Unknown language in `contributes.icon-fonts.language`. Provided value: vue-html
2025-05-28 18:00:27.624 [error] [idleberg.icon-fonts]: Unknown language in `contributes.icon-fonts.language`. Provided value: vue-html
2025-05-28 18:00:27.625 [error] [idleberg.icon-fonts]: Unknown language in `contributes.icon-fonts.language`. Provided value: vue-html
2025-05-28 18:00:27.626 [error] [idleberg.icon-fonts]: Unknown language in `contributes.icon-fonts.language`. Provided value: vue-html
2025-05-28 18:00:27.626 [error] [idleberg.icon-fonts]: Unknown language in `contributes.icon-fonts.language`. Provided value: vue-html
2025-05-28 18:00:27.627 [error] [idleberg.icon-fonts]: Unknown language in `contributes.icon-fonts.language`. Provided value: vue-html
2025-05-28 18:00:27.628 [error] [idleberg.icon-fonts]: Unknown language in `contributes.icon-fonts.language`. Provided value: vue-html
2025-05-28 18:00:27.628 [error] [idleberg.icon-fonts]: Unknown language in `contributes.icon-fonts.language`. Provided value: vue-html
2025-05-28 18:00:27.629 [error] [idleberg.icon-fonts]: Unknown language in `contributes.icon-fonts.language`. Provided value: vue-html
2025-05-28 18:00:27.630 [error] [idleberg.icon-fonts]: Unknown language in `contributes.icon-fonts.language`. Provided value: vue-html
2025-05-28 18:00:27.630 [error] [idleberg.icon-fonts]: Unknown language in `contributes.icon-fonts.language`. Provided value: vue-html
2025-05-28 18:00:27.631 [error] [idleberg.icon-fonts]: Unknown language in `contributes.icon-fonts.language`. Provided value: vue-html
2025-05-28 18:00:27.632 [error] [idleberg.icon-fonts]: Unknown language in `contributes.icon-fonts.language`. Provided value: vue-html
2025-05-28 18:00:27.632 [error] [idleberg.icon-fonts]: Unknown language in `contributes.icon-fonts.language`. Provided value: vue-html
2025-05-28 18:00:27.633 [error] [idleberg.icon-fonts]: Unknown language in `contributes.icon-fonts.language`. Provided value: vue-html
2025-05-28 18:00:27.633 [error] [idleberg.icon-fonts]: Unknown language in `contributes.icon-fonts.language`. Provided value: vue-html
2025-05-28 18:00:27.634 [error] [idleberg.icon-fonts]: Unknown language in `contributes.icon-fonts.language`. Provided value: vue-html
2025-05-28 18:00:27.634 [error] [idleberg.icon-fonts]: Unknown language in `contributes.icon-fonts.language`. Provided value: vue-html
2025-05-28 18:00:27.635 [error] [idleberg.icon-fonts]: Unknown language in `contributes.icon-fonts.language`. Provided value: vue-html
2025-05-28 18:00:27.635 [error] [idleberg.icon-fonts]: Unknown language in `contributes.icon-fonts.language`. Provided value: vue-html
2025-05-28 18:00:27.636 [error] [idleberg.icon-fonts]: Unknown language in `contributes.icon-fonts.language`. Provided value: vue-html
2025-05-28 18:00:27.636 [error] [idleberg.icon-fonts]: Unknown language in `contributes.icon-fonts.language`. Provided value: vue-html
2025-05-28 18:00:27.637 [error] [idleberg.icon-fonts]: Unknown language in `contributes.icon-fonts.language`. Provided value: vue-html
2025-05-28 18:00:27.638 [error] [idleberg.icon-fonts]: Unknown language in `contributes.icon-fonts.language`. Provided value: vue-html
2025-05-28 18:00:27.640 [error] [idleberg.icon-fonts]: Unknown language in `contributes.icon-fonts.language`. Provided value: svelte
2025-05-28 18:00:27.641 [error] [idleberg.icon-fonts]: Unknown language in `contributes.icon-fonts.language`. Provided value: svelte
2025-05-28 18:00:27.642 [error] [idleberg.icon-fonts]: Unknown language in `contributes.icon-fonts.language`. Provided value: svelte
2025-05-28 18:00:27.643 [error] [idleberg.icon-fonts]: Unknown language in `contributes.icon-fonts.language`. Provided value: svelte
2025-05-28 18:00:27.644 [error] [idleberg.icon-fonts]: Unknown language in `contributes.icon-fonts.language`. Provided value: svelte
2025-05-28 18:00:27.646 [error] [idleberg.icon-fonts]: Unknown language in `contributes.icon-fonts.language`. Provided value: svelte
2025-05-28 18:00:27.646 [error] [idleberg.icon-fonts]: Unknown language in `contributes.icon-fonts.language`. Provided value: svelte
2025-05-28 18:00:27.647 [error] [idleberg.icon-fonts]: Unknown language in `contributes.icon-fonts.language`. Provided value: svelte
2025-05-28 18:00:27.648 [error] [idleberg.icon-fonts]: Unknown language in `contributes.icon-fonts.language`. Provided value: svelte
2025-05-28 18:00:27.648 [error] [idleberg.icon-fonts]: Unknown language in `contributes.icon-fonts.language`. Provided value: svelte
2025-05-28 18:00:27.649 [error] [idleberg.icon-fonts]: Unknown language in `contributes.icon-fonts.language`. Provided value: svelte
2025-05-28 18:00:27.650 [error] [idleberg.icon-fonts]: Unknown language in `contributes.icon-fonts.language`. Provided value: svelte
2025-05-28 18:00:27.650 [error] [idleberg.icon-fonts]: Unknown language in `contributes.icon-fonts.language`. Provided value: svelte
2025-05-28 18:00:27.651 [error] [idleberg.icon-fonts]: Unknown language in `contributes.icon-fonts.language`. Provided value: svelte
2025-05-28 18:00:27.652 [error] [idleberg.icon-fonts]: Unknown language in `contributes.icon-fonts.language`. Provided value: svelte
2025-05-28 18:00:27.653 [error] [idleberg.icon-fonts]: Unknown language in `contributes.icon-fonts.language`. Provided value: svelte
2025-05-28 18:00:27.654 [error] [idleberg.icon-fonts]: Unknown language in `contributes.icon-fonts.language`. Provided value: svelte
2025-05-28 18:00:27.655 [error] [idleberg.icon-fonts]: Unknown language in `contributes.icon-fonts.language`. Provided value: svelte
2025-05-28 18:00:27.657 [error] [idleberg.icon-fonts]: Unknown language in `contributes.icon-fonts.language`. Provided value: svelte
2025-05-28 18:00:27.658 [error] [idleberg.icon-fonts]: Unknown language in `contributes.icon-fonts.language`. Provided value: svelte
2025-05-28 18:00:27.659 [error] [idleberg.icon-fonts]: Unknown language in `contributes.icon-fonts.language`. Provided value: svelte
2025-05-28 18:00:27.660 [error] [idleberg.icon-fonts]: Unknown language in `contributes.icon-fonts.language`. Provided value: svelte
2025-05-28 18:00:27.662 [error] [idleberg.icon-fonts]: Unknown language in `contributes.icon-fonts.language`. Provided value: svelte
2025-05-28 18:00:27.663 [error] [idleberg.icon-fonts]: Unknown language in `contributes.icon-fonts.language`. Provided value: svelte
2025-05-28 18:00:27.664 [error] [idleberg.icon-fonts]: Unknown language in `contributes.icon-fonts.language`. Provided value: svelte
2025-05-28 18:00:27.665 [error] [idleberg.icon-fonts]: Unknown language in `contributes.icon-fonts.language`. Provided value: svelte
2025-05-28 18:00:27.666 [error] [idleberg.icon-fonts]: Unknown language in `contributes.icon-fonts.language`. Provided value: svelte
2025-05-28 18:00:28.122 [error] Error while getting the latest version for the extension brunnerh.insert-unicode. Offline
2025-05-28 18:00:28.125 [error] Error while getting the latest version for the extension esbenp.prettier-vscode. Offline
2025-05-28 18:00:28.127 [error] Error while getting the latest version for the extension codeshake.typograf-vscode. Offline
2025-05-28 18:00:28.128 [error] Error while getting the latest version for the extension emroussel.atomize-atom-one-dark-theme. Offline
2025-05-28 18:00:28.129 [error] Error while getting the latest version for the extension eww-yuck.yuck. Offline
2025-05-28 18:00:28.130 [error] Error while getting the latest version for the extension gencer.html-slim-scss-css-class-completion. Offline
2025-05-28 18:00:28.131 [error] Error while getting the latest version for the extension idleberg.icon-fonts. Offline
2025-05-28 18:00:28.132 [error] Error while getting the latest version for the extension jdinhlife.gruvbox. Offline
2025-05-28 18:00:28.133 [error] Error while getting the latest version for the extension miguelsolorio.fluent-icons. Offline
2025-05-28 18:00:28.134 [error] Error while getting the latest version for the extension vscode-icons-team.vscode-icons. Offline
2025-05-28 18:00:28.135 [error] Error while getting the latest version for the extension timonwong.shellcheck. Offline
2025-05-28 18:00:28.135 [error] Error while getting the latest version for the extension pkief.material-icon-theme. Offline
2025-05-28 18:00:28.136 [error] Error while getting the latest version for the extension ziglang.vscode-zig. Offline
2025-05-28 18:00:28.922 [info] [perf] Render performance baseline is 45ms
